Traceback (most recent call last):
  File "/home/dominique/anaconda3/lib/python3.13/site-packages/jupyter_cache/executors/utils.py", line 58, in single_nb_execution
    executenb(
    ~~~~~~~~~^
        nb,
        ^^^
    ...<4 lines>...
        **kwargs,
        ^^^^^^^^^
    )
    ^
  File "/home/dominique/anaconda3/lib/python3.13/site-packages/nbclient/client.py", line 1319, in execute
    return NotebookClient(nb=nb, resources=resources, km=km, **kwargs).execute()
           ~~~~~~~~~~~~~~~~~~~~~~~~~~~~~~~~~~~~~~~~~~~~~~~~~~~~~~~~~~~~~~~~~~~^^
  File "/home/dominique/anaconda3/lib/python3.13/site-packages/jupyter_core/utils/__init__.py", line 165, in wrapped
    return loop.run_until_complete(inner)
           ~~~~~~~~~~~~~~~~~~~~~~~^^^^^^^
  File "/home/dominique/anaconda3/lib/python3.13/asyncio/base_events.py", line 725, in run_until_complete
    return future.result()
           ~~~~~~~~~~~~~^^
  File "/home/dominique/anaconda3/lib/python3.13/site-packages/nbclient/client.py", line 709, in async_execute
    await self.async_execute_cell(
        cell, index, execution_count=self.code_cells_executed + 1
    )
  File "/home/dominique/anaconda3/lib/python3.13/site-packages/nbclient/client.py", line 1062, in async_execute_cell
    await self._check_raise_for_error(cell, cell_index, exec_reply)
  File "/home/dominique/anaconda3/lib/python3.13/site-packages/nbclient/client.py", line 918, in _check_raise_for_error
    raise CellExecutionError.from_cell_and_msg(cell, exec_reply_content)
nbclient.exceptions.CellExecutionError: An error occurred while executing the following cell:
------------------
import torch
import numpy as np

# Define the function f(x) = x^2
def f(x):
     return x**2

# Initial value of x
x = torch.tensor([1.0], requires_grad=True)

# We use the Adam optimizer (lr = learning rate)
optimizer = torch.optim.Adam([{'params' : [x]}], lr=0.01)

maxit = 2000 # Maximum number of optimization steps
i = 0  # Iteration counter
grad = 1e6  # Keeps track of derivative with respect to x

while i < maxit and abs(grad) > 1e-3: 
     i += 1 
     optimizer.zero_grad()  # Clear the gradients
     y = f(x)  # Calculate the function value
     y.backward()  # Compute the gradients
     optimizer.step()  # Update the parameters (here: the value of x)
     grad = x.grad.item()
     print("Iter: {} \t x= {:.6f} \t y= {:.6f} \t grad= {:.6f}"
                 .format(i, x.item(), y.item(), grad))
------------------


[0;31m---------------------------------------------------------------------------[0m
[0;31mModuleNotFoundError[0m                       Traceback (most recent call last)
Cell [0;32mIn[2], line 1[0m
[0;32m----> 1[0m [38;5;28;01mimport[39;00m[38;5;250m [39m[38;5;21;01mtorch[39;00m
[1;32m      2[0m [38;5;28;01mimport[39;00m[38;5;250m [39m[38;5;21;01mnumpy[39;00m[38;5;250m [39m[38;5;28;01mas[39;00m[38;5;250m [39m[38;5;21;01mnp[39;00m
[1;32m      4[0m [38;5;66;03m# Define the function f(x) = x^2[39;00m

[0;31mModuleNotFoundError[0m: No module named 'torch'

