Traceback (most recent call last):
  File "/home/dominique/anaconda3/lib/python3.13/site-packages/jupyter_cache/executors/utils.py", line 58, in single_nb_execution
    executenb(
    ~~~~~~~~~^
        nb,
        ^^^
    ...<4 lines>...
        **kwargs,
        ^^^^^^^^^
    )
    ^
  File "/home/dominique/anaconda3/lib/python3.13/site-packages/nbclient/client.py", line 1319, in execute
    return NotebookClient(nb=nb, resources=resources, km=km, **kwargs).execute()
           ~~~~~~~~~~~~~~~~~~~~~~~~~~~~~~~~~~~~~~~~~~~~~~~~~~~~~~~~~~~~~~~~~~~^^
  File "/home/dominique/anaconda3/lib/python3.13/site-packages/jupyter_core/utils/__init__.py", line 165, in wrapped
    return loop.run_until_complete(inner)
           ~~~~~~~~~~~~~~~~~~~~~~~^^^^^^^
  File "/home/dominique/anaconda3/lib/python3.13/asyncio/base_events.py", line 725, in run_until_complete
    return future.result()
           ~~~~~~~~~~~~~^^
  File "/home/dominique/anaconda3/lib/python3.13/site-packages/nbclient/client.py", line 709, in async_execute
    await self.async_execute_cell(
        cell, index, execution_count=self.code_cells_executed + 1
    )
  File "/home/dominique/anaconda3/lib/python3.13/site-packages/nbclient/client.py", line 1062, in async_execute_cell
    await self._check_raise_for_error(cell, cell_index, exec_reply)
  File "/home/dominique/anaconda3/lib/python3.13/site-packages/nbclient/client.py", line 918, in _check_raise_for_error
    raise CellExecutionError.from_cell_and_msg(cell, exec_reply_content)
nbclient.exceptions.CellExecutionError: An error occurred while executing the following cell:
------------------
from sklearn.linear_model import LassoCV

# Creating a LASSO cross-validation model with 200 penalty values and 10-folds cross-validation.
lasso_model = LassoCV(alphas=200, fit_intercept=True, cv=10)  

# Fitting model by cross-validation. This automatically selects a good penalty parameter.
lasso_model.fit(X_train, y_train)

# We pick the parameters that have a nonzero coefficient (we use 1e-6 for numerical precision).
predictors = abs(lasso_model.coef_) > 1e-6

print("Nb. predictors %d\n\n" % predictors.sum())  # Prints the number of predictors selected by the LASSO

if predictors.sum() > 0:
	# Predict using selected variables
	lin_model.fit(X_train[:,predictors],y_train)
	pred = lin_model.predict(X_test[:,predictors]) 
else: 
    print("LASSO selected no predictors.")

pred[pred > 0.5] = 1
pred[pred <= 0.5] = 0

perc_correct_lasso = (pred == y_test).sum()/np.double(len(y_test))*100

print("Percentage of test samples correctly predicted by LASSO: %1.2f%% \n" % perc_correct_lasso)
------------------


[0;31m---------------------------------------------------------------------------[0m
[0;31mInvalidParameterError[0m                     Traceback (most recent call last)
Cell [0;32mIn[2], line 7[0m
[1;32m      4[0m lasso_model [38;5;241m=[39m LassoCV(alphas[38;5;241m=[39m[38;5;241m200[39m, fit_intercept[38;5;241m=[39m[38;5;28;01mTrue[39;00m, cv[38;5;241m=[39m[38;5;241m10[39m)  
[1;32m      6[0m [38;5;66;03m# Fitting model by cross-validation. This automatically selects a good penalty parameter.[39;00m
[0;32m----> 7[0m lasso_model[38;5;241m.[39mfit(X_train, y_train)
[1;32m      9[0m [38;5;66;03m# We pick the parameters that have a nonzero coefficient (we use 1e-6 for numerical precision).[39;00m
[1;32m     10[0m predictors [38;5;241m=[39m [38;5;28mabs[39m(lasso_model[38;5;241m.[39mcoef_) [38;5;241m>[39m [38;5;241m1e-6[39m

File [0;32m~/anaconda3/lib/python3.13/site-packages/sklearn/linear_model/_coordinate_descent.py:2129[0m, in [0;36mLassoCV.fit[0;34m(self, X, y, sample_weight, **params)[0m
[1;32m   2091[0m [38;5;28;01mdef[39;00m[38;5;250m [39m[38;5;21mfit[39m([38;5;28mself[39m, X, y, sample_weight[38;5;241m=[39m[38;5;28;01mNone[39;00m, [38;5;241m*[39m[38;5;241m*[39mparams):
[1;32m   2092[0m [38;5;250m    [39m[38;5;124;03m"""Fit Lasso model with coordinate descent.[39;00m
[1;32m   2093[0m 
[1;32m   2094[0m [38;5;124;03m    Fit is on grid of alphas and best alpha estimated by cross-validation.[39;00m
[0;32m   (...)[0m
[1;32m   2127[0m [38;5;124;03m        Returns an instance of fitted model.[39;00m
[1;32m   2128[0m [38;5;124;03m    """[39;00m
[0;32m-> 2129[0m     [38;5;28;01mreturn[39;00m [38;5;28msuper[39m()[38;5;241m.[39mfit(X, y, sample_weight[38;5;241m=[39msample_weight, [38;5;241m*[39m[38;5;241m*[39mparams)

File [0;32m~/anaconda3/lib/python3.13/site-packages/sklearn/base.py:1382[0m, in [0;36m_fit_context.<locals>.decorator.<locals>.wrapper[0;34m(estimator, *args, **kwargs)[0m
[1;32m   1377[0m partial_fit_and_fitted [38;5;241m=[39m (
[1;32m   1378[0m     fit_method[38;5;241m.[39m[38;5;18m__name__[39m [38;5;241m==[39m [38;5;124m"[39m[38;5;124mpartial_fit[39m[38;5;124m"[39m [38;5;129;01mand[39;00m _is_fitted(estimator)
[1;32m   1379[0m )
[1;32m   1381[0m [38;5;28;01mif[39;00m [38;5;129;01mnot[39;00m global_skip_validation [38;5;129;01mand[39;00m [38;5;129;01mnot[39;00m partial_fit_and_fitted:
[0;32m-> 1382[0m     estimator[38;5;241m.[39m_validate_params()
[1;32m   1384[0m [38;5;28;01mwith[39;00m config_context(
[1;32m   1385[0m     skip_parameter_validation[38;5;241m=[39m(
[1;32m   1386[0m         prefer_skip_nested_validation [38;5;129;01mor[39;00m global_skip_validation
[1;32m   1387[0m     )
[1;32m   1388[0m ):
[1;32m   1389[0m     [38;5;28;01mreturn[39;00m fit_method(estimator, [38;5;241m*[39margs, [38;5;241m*[39m[38;5;241m*[39mkwargs)

File [0;32m~/anaconda3/lib/python3.13/site-packages/sklearn/base.py:436[0m, in [0;36mBaseEstimator._validate_params[0;34m(self)[0m
[1;32m    428[0m [38;5;28;01mdef[39;00m[38;5;250m [39m[38;5;21m_validate_params[39m([38;5;28mself[39m):
[1;32m    429[0m [38;5;250m    [39m[38;5;124;03m"""Validate types and values of constructor parameters[39;00m
[1;32m    430[0m 
[1;32m    431[0m [38;5;124;03m    The expected type and values must be defined in the `_parameter_constraints`[39;00m
[0;32m   (...)[0m
[1;32m    434[0m [38;5;124;03m    accepted constraints.[39;00m
[1;32m    435[0m [38;5;124;03m    """[39;00m
[0;32m--> 436[0m     validate_parameter_constraints(
[1;32m    437[0m         [38;5;28mself[39m[38;5;241m.[39m_parameter_constraints,
[1;32m    438[0m         [38;5;28mself[39m[38;5;241m.[39mget_params(deep[38;5;241m=[39m[38;5;28;01mFalse[39;00m),
[1;32m    439[0m         caller_name[38;5;241m=[39m[38;5;28mself[39m[38;5;241m.[39m[38;5;18m__class__[39m[38;5;241m.[39m[38;5;18m__name__[39m,
[1;32m    440[0m     )

File [0;32m~/anaconda3/lib/python3.13/site-packages/sklearn/utils/_param_validation.py:98[0m, in [0;36mvalidate_parameter_constraints[0;34m(parameter_constraints, params, caller_name)[0m
[1;32m     92[0m [38;5;28;01melse[39;00m:
[1;32m     93[0m     constraints_str [38;5;241m=[39m (
[1;32m     94[0m         [38;5;124mf[39m[38;5;124m"[39m[38;5;132;01m{[39;00m[38;5;124m'[39m[38;5;124m, [39m[38;5;124m'[39m[38;5;241m.[39mjoin([[38;5;28mstr[39m(c)[38;5;250m [39m[38;5;28;01mfor[39;00m[38;5;250m [39mc[38;5;250m [39m[38;5;129;01min[39;00m[38;5;250m [39mconstraints[:[38;5;241m-[39m[38;5;241m1[39m]])[38;5;132;01m}[39;00m[38;5;124m or[39m[38;5;124m"[39m
[1;32m     95[0m         [38;5;124mf[39m[38;5;124m"[39m[38;5;124m [39m[38;5;132;01m{[39;00mconstraints[[38;5;241m-[39m[38;5;241m1[39m][38;5;132;01m}[39;00m[38;5;124m"[39m
[1;32m     96[0m     )
[0;32m---> 98[0m [38;5;28;01mraise[39;00m InvalidParameterError(
[1;32m     99[0m     [38;5;124mf[39m[38;5;124m"[39m[38;5;124mThe [39m[38;5;132;01m{[39;00mparam_name[38;5;132;01m!r}[39;00m[38;5;124m parameter of [39m[38;5;132;01m{[39;00mcaller_name[38;5;132;01m}[39;00m[38;5;124m must be[39m[38;5;124m"[39m
[1;32m    100[0m     [38;5;124mf[39m[38;5;124m"[39m[38;5;124m [39m[38;5;132;01m{[39;00mconstraints_str[38;5;132;01m}[39;00m[38;5;124m. Got [39m[38;5;132;01m{[39;00mparam_val[38;5;132;01m!r}[39;00m[38;5;124m instead.[39m[38;5;124m"[39m
[1;32m    101[0m )

[0;31mInvalidParameterError[0m: The 'alphas' parameter of LassoCV must be an array-like or None. Got 200 instead.

