Traceback (most recent call last):
  File "/home/dominique/anaconda3/lib/python3.12/site-packages/jupyter_cache/executors/utils.py", line 58, in single_nb_execution
    executenb(
  File "/home/dominique/anaconda3/lib/python3.12/site-packages/nbclient/client.py", line 1305, in execute
    return NotebookClient(nb=nb, resources=resources, km=km, **kwargs).execute()
           ^^^^^^^^^^^^^^^^^^^^^^^^^^^^^^^^^^^^^^^^^^^^^^^^^^^^^^^^^^^^^^^^^^^^^
  File "/home/dominique/anaconda3/lib/python3.12/site-packages/jupyter_core/utils/__init__.py", line 165, in wrapped
    return loop.run_until_complete(inner)
           ^^^^^^^^^^^^^^^^^^^^^^^^^^^^^^
  File "/home/dominique/anaconda3/lib/python3.12/asyncio/base_events.py", line 687, in run_until_complete
    return future.result()
           ^^^^^^^^^^^^^^^
  File "/home/dominique/anaconda3/lib/python3.12/site-packages/nbclient/client.py", line 705, in async_execute
    await self.async_execute_cell(
  File "/home/dominique/anaconda3/lib/python3.12/site-packages/nbclient/client.py", line 1058, in async_execute_cell
    await self._check_raise_for_error(cell, cell_index, exec_reply)
  File "/home/dominique/anaconda3/lib/python3.12/site-packages/nbclient/client.py", line 914, in _check_raise_for_error
    raise CellExecutionError.from_cell_and_msg(cell, exec_reply_content)
nbclient.exceptions.CellExecutionError: An error occurred while executing the following cell:
------------------
# Plot 2 dimensional projection

cmap = plt.get_cmap('jet', 10)
cmap.set_under('gray')

fig = plt.figure()
cax = plt.scatter(Xt[:,0], Xt[:,1], c=y, cmap=cmap, vmin=0, vmax=y.max())
fig.colorbar(cax, extend='min')
plt.xlim(-40,40)
plt.xlabel("First principal component")
plt.ylabel("Second principal component")
plt.show()
------------------


[0;31m---------------------------------------------------------------------------[0m
[0;31mNameError[0m                                 Traceback (most recent call last)
Cell [0;32mIn[5], line 7[0m
[1;32m      4[0m cmap[38;5;241m.[39mset_under([38;5;124m'[39m[38;5;124mgray[39m[38;5;124m'[39m)
[1;32m      6[0m fig [38;5;241m=[39m plt[38;5;241m.[39mfigure()
[0;32m----> 7[0m cax [38;5;241m=[39m plt[38;5;241m.[39mscatter(Xt[:,[38;5;241m0[39m], Xt[:,[38;5;241m1[39m], c[38;5;241m=[39my, cmap[38;5;241m=[39mcmap, vmin[38;5;241m=[39m[38;5;241m0[39m, vmax[38;5;241m=[39my[38;5;241m.[39mmax())
[1;32m      8[0m fig[38;5;241m.[39mcolorbar(cax, extend[38;5;241m=[39m[38;5;124m'[39m[38;5;124mmin[39m[38;5;124m'[39m)
[1;32m      9[0m plt[38;5;241m.[39mxlim([38;5;241m-[39m[38;5;241m40[39m,[38;5;241m40[39m)

[0;31mNameError[0m: name 'Xt' is not defined

